[0;32m🚀 Iniciando deploy de suporte-lojinha...[0m
[0;32m📦 Fazendo build da imagem...[0m
Creating temporary archive of 18237 file(s) totalling 269.0 MiB before compression.
Some files were not included in the source upload.

Check the gcloud log [/Users/genautech/.config/gcloud/logs/2025.11.17/23.40.59.616256.log] to see which files and the contents of the
default gcloudignore file used (see `$ gcloud topic gcloudignore` to learn
more).

Uploading tarball of [.] to [gs://suporte-7e68b_cloudbuild/source/1763433659.710866-2204ee8883514e5cb37ccc3dcffb2951.tgz]
Created [https://cloudbuild.googleapis.com/v1/projects/suporte-7e68b/locations/global/builds/767e0cdf-8c84-4ceb-bb06-56772a308b90].
Logs are available at [ https://console.cloud.google.com/cloud-build/builds/767e0cdf-8c84-4ceb-bb06-56772a308b90?project=409489811769 ].
Waiting for build to complete. Polling interval: 1 second(s).
----------------------------- REMOTE BUILD OUTPUT ------------------------------
starting build "767e0cdf-8c84-4ceb-bb06-56772a308b90"

FETCHSOURCE
Fetching storage object: gs://suporte-7e68b_cloudbuild/source/1763433659.710866-2204ee8883514e5cb37ccc3dcffb2951.tgz#1763433708327278
Copying gs://suporte-7e68b_cloudbuild/source/1763433659.710866-2204ee8883514e5cb37ccc3dcffb2951.tgz#1763433708327278...
/ [0 files][    0.0 B/ 52.7 MiB]                                                -- [1 files][ 52.7 MiB/ 52.7 MiB]                                                
Operation completed over 1 objects/52.7 MiB.
BUILD
Starting Step #0
Step #0: Already have image (with digest): gcr.io/cloud-builders/docker
Step #0: Sending build context to Docker daemon  288.6MB
Step #0: Step 1/15 : FROM node:18-alpine AS builder
Step #0: 18-alpine: Pulling from library/node
Step #0: f18232174bc9: Pulling fs layer
Step #0: dd71dde834b5: Pulling fs layer
Step #0: 1e5a4c89cee5: Pulling fs layer
Step #0: 25ff2da83641: Pulling fs layer
Step #0: 25ff2da83641: Verifying Checksum
Step #0: 25ff2da83641: Download complete
Step #0: 1e5a4c89cee5: Verifying Checksum
Step #0: 1e5a4c89cee5: Download complete
Step #0: f18232174bc9: Verifying Checksum
Step #0: f18232174bc9: Download complete
Step #0: f18232174bc9: Pull complete
Step #0: dd71dde834b5: Download complete
Step #0: dd71dde834b5: Pull complete
Step #0: 1e5a4c89cee5: Pull complete
Step #0: 25ff2da83641: Pull complete
Step #0: Digest: sha256:8d6421d663b4c28fd3ebc498332f249011d118945588d0a35cb9bc4b8ca09d9e
Step #0: Status: Downloaded newer image for node:18-alpine
Step #0:  ---> ee77c6cd7c18
Step #0: Step 2/15 : WORKDIR /app
Step #0:  ---> Running in 312a3e7e6df3
Step #0: Removing intermediate container 312a3e7e6df3
Step #0:  ---> 40a7c79ba691
Step #0: Step 3/15 : COPY package*.json ./
Step #0:  ---> 750b48fe1101
Step #0: Step 4/15 : RUN npm ci
Step #0:  ---> Running in aae990b50b2a
Step #0: [91mnpm warn EBADENGINE Unsupported engine {
Step #0: npm warn EBADENGINE   package: '@firebase/ai@2.5.0',
Step #0: npm warn EBADENGINE   required: { node: '>=20.0.0' },
Step #0: npm warn EBADENGINE   current: { node: 'v18.20.8', npm: '10.8.2' }
Step #0: npm warn EBADENGINE }
Step #0: [0m[91mnpm warn EBADENGINE Unsupported engine {
Step #0: npm warn EBADENGINE   package: '@firebase/app@0.14.5',
Step #0: npm warn EBADENGINE   required: { node: '>=20.0.0' },
Step #0: npm warn EBADENGINE   current: { node: 'v18.20.8', npm: '10.8.2' }
Step #0: npm warn EBADENGINE }
Step #0: [0m[91mnpm warn EBADENGINE Unsupported engine {
Step #0: npm warn EBADENGINE   package: '@firebase/app-check@0.11.0',
Step #0: npm warn EBADENGINE   required: { node: '>=20.0.0' },
Step #0: npm warn EBADENGINE   current: { node: 'v18.20.8', npm: '10.8.2' }
Step #0: npm warn EBADENGINE }
Step #0: [0m[91mnpm warn EBADENGINE Unsupported engine {
Step #0: npm warn EBADENGINE   package: '@firebase/app-check-compat@0.4.0',
Step #0: npm warn EBADENGINE   required: { node: '>=20.0.0' },
Step #0: npm warn EBADENGINE   current: { node: 'v18.20.8', npm: '10.8.2' }
Step #0: npm warn EBADENGINE }
Step #0: [0m[91mnpm warn EBADENGINE Unsupported engine {
Step #0: npm warn EBADENGINE   package: '@firebase/app-compat@0.5.5',
Step #0: npm warn EBADENGINE   required: { node: '>=20.0.0' },
Step #0: npm warn EBADENGINE   current: { node: 'v18.20.8', npm: '10.8.2' }
Step #0: npm warn EBADENGINE }
Step #0: [0m[91mnpm warn EBADENGINE Unsupported engine {
Step #0: npm warn EBADENGINE   package: '@firebase/auth@1.11.1',
Step #0: npm warn EBADENGINE   required: { node: '>=20.0.0' },
Step #0: npm warn EBADENGINE   current: { node: 'v18.20.8', npm: '10.8.2' }
Step #0: npm warn EBADENGINE }
Step #0: [0m[91mnpm warn EBADENGINE Unsupported engine {
Step #0: npm warn EBADENGINE   package: '@firebase/auth-compat@0.6.1',
Step #0: npm warn EBADENGINE   required: { node: '>=20.0.0' },
Step #0: npm warn EBADENGINE   current: { node: 'v18.20.8', npm: '10.8.2' }
Step #0: npm warn EBADENGINE }
Step #0: [0m[91mnpm warn EBADENGINE Unsupported engine {
Step #0: npm warn EBADENGINE   package: '@firebase/component@0.7.0',
Step #0: npm warn EBADENGINE   required: { node: '>=20.0.0' },
Step #0: npm warn EBADENGINE   current: { node: 'v18.20.8', npm: '10.8.2' }
Step #0: npm warn EBADENGINE }
Step #0: [0m[91mnpm warn EBADENGINE Unsupported engine {
Step #0: npm warn EBADENGINE   package: '@firebase/database@1.1.0',
Step #0: npm warn EBADENGINE   required: { node: '>=20.0.0' },
Step #0: npm warn EBADENGINE   current: { node: 'v18.20.8', npm: '10.8.2' }
Step #0: npm warn EBADENGINE }
Step #0: [0m[91mnpm warn EBADENGINE Unsupported engine {
Step #0: npm warn EBADENGINE   package: '@firebase/database-compat@2.1.0',
Step #0: npm warn EBADENGINE   required: { node: '>=20.0.0' },
Step #0: npm warn EBADENGINE   current: { node: 'v18.20.8', npm: '10.8.2' }
Step #0: npm warn EBADENGINE }
Step #0: [0m[91mnpm warn EBADENGINE Unsupported engine {
Step #0: npm warn EBADENGINE   package: '@firebase/firestore@4.9.2',
Step #0: npm warn EBADENGINE   required: { node: '>=20.0.0' },
Step #0: npm warn EBADENGINE   current: { node: 'v18.20.8', npm: '10.8.2' }
Step #0: npm warn EBADENGINE }
Step #0: [0m[91mnpm warn EBADENGINE Unsupported engine {
Step #0: npm warn EBADENGINE   package: '@firebase/firestore-compat@0.4.2',
Step #0: npm warn EBADENGINE   required: { node: '>=20.0.0' },
Step #0: npm warn EBADENGINE   current: { node: 'v18.20.8', npm: '10.8.2' }
Step #0: npm warn EBADENGINE }
Step #0: [0m[91mnpm warn EBADENGINE Unsupported engine {
Step #0: npm warn EBADENGINE   package: '@firebase/functions@0.13.1',
Step #0: npm warn EBADENGINE   required: { node: '>=20.0.0' },
Step #0: npm warn EBADENGINE   current: { node: 'v18.20.8', npm: '10.8.2' }
Step #0: npm warn EBADENGINE }
Step #0: [0m[91mnpm warn EBADENGINE Unsupported engine {
Step #0: npm warn EBADENGINE   package: '@firebase/functions-compat@0.4.1',
Step #0: npm warn EBADENGINE   required: { node: '>=20.0.0' },
Step #0: npm warn EBADENGINE   current: { node: 'v18.20.8', npm: '10.8.2' }
Step #0: npm warn EBADENGINE }
Step #0: [0m[91mnpm warn EBADENGINE Unsupported engine {
Step #0: npm warn EBADENGINE   package: '@firebase/logger@0.5.0',
Step #0: npm warn EBADENGINE   required: { node: '>=20.0.0' },
Step #0: npm warn EBADENGINE   current: { node: 'v18.20.8', npm: '10.8.2' }
Step #0: npm warn EBADENGINE }
Step #0: [0m[91mnpm warn EBADENGINE Unsupported engine {
Step #0: npm warn EBADENGINE   package: '@firebase/storage@0.14.0',
Step #0: npm warn EBADENGINE   required: { node: '>=20.0.0' },
Step #0: npm warn EBADENGINE   current: { node: 'v18.20.8', npm: '10.8.2' }
Step #0: npm warn EBADENGINE }
Step #0: [0m[91mnpm warn EBADENGINE Unsupported engine {
Step #0: npm warn EBADENGINE   package: '@firebase/storage-compat@0.4.0',
Step #0: npm warn EBADENGINE   required: { node: '>=20.0.0' },
Step #0: npm warn EBADENGINE   current: { node: 'v18.20.8', npm: '10.8.2' }
Step #0: npm warn EBADENGINE }
Step #0: [0m[91mnpm warn EBADENGINE Unsupported engine {
Step #0: npm warn EBADENGINE   package: '@firebase/util@1.13.0',
Step #0: npm warn EBADENGINE   required: { node: '>=20.0.0' },
Step #0: npm warn EBADENGINE   current: { node: 'v18.20.8', npm: '10.8.2' }
Step #0: npm warn EBADENGINE }
Step #0: [0m[91mnpm warn EBADENGINE Unsupported engine {
Step #0: npm warn EBADENGINE   package: '@google/genai@1.28.0',
Step #0: npm warn EBADENGINE   required: { node: '>=20.0.0' },
Step #0: npm warn EBADENGINE   current: { node: 'v18.20.8', npm: '10.8.2' }
Step #0: npm warn EBADENGINE }
Step #0: [0m[91mnpm warn EBADENGINE Unsupported engine {
Step #0: npm warn EBADENGINE   package: '@vitejs/plugin-react@5.1.0',
Step #0: npm warn EBADENGINE   required: { node: '^20.19.0 || >=22.12.0' },
Step #0: npm warn EBADENGINE   current: { node: 'v18.20.8', npm: '10.8.2' }
Step #0: npm warn EBADENGINE }
Step #0: [0m[91mnpm warn deprecated node-domexception@1.0.0: Use your platform's native DOMException instead
Step #0: [0m
Step #0: added 346 packages, and audited 347 packages in 14s
Step #0: 
Step #0: 47 packages are looking for funding
Step #0:   run `npm fund` for details
Step #0: 
Step #0: 3 high severity vulnerabilities
Step #0: 
Step #0: To address all issues, run:
Step #0:   npm audit fix
Step #0: 
Step #0: Run `npm audit` for details.
Step #0: [91mnpm notice
Step #0: npm notice New major version of npm available! 10.8.2 -> 11.6.2
Step #0: npm notice Changelog: https://github.com/npm/cli/releases/tag/v11.6.2
Step #0: npm notice To update run: npm install -g npm@11.6.2
Step #0: npm notice
Step #0: [0mRemoving intermediate container aae990b50b2a
Step #0:  ---> ac64d8422ea9
Step #0: Step 5/15 : COPY . .
Step #0:  ---> 3b060ab5b3d9
Step #0: Step 6/15 : ARG VITE_GEMINI_API_KEY=""
Step #0:  ---> Running in 47105f69d0f0
Step #0: Removing intermediate container 47105f69d0f0
Step #0:  ---> 875e4eecc5fc
Step #0: Step 7/15 : ENV VITE_GEMINI_API_KEY=${VITE_GEMINI_API_KEY}
Step #0:  ---> Running in e6ea94b48169
Step #0: Removing intermediate container e6ea94b48169
Step #0:  ---> b5716e5120a9
Step #0: Step 8/15 : RUN npm run build
Step #0:  ---> Running in f6f2e245aa35
Step #0: 
Step #0: > suporte-lojinha-prio-by-yoobe@0.0.0 build
Step #0: > vite build
Step #0: 
Step #0: vite v6.4.1 building for production...
Step #0: transforming...
Step #0: /*! 🌼 daisyUI 5.4.4 */
Step #0: ✓ 2224 modules transformed.
Step #0: [91m[esbuild css minify]
Step #0: ▲ [WARNING] Unexpected "{" [css-syntax-error]
Step #0: 
Step #0:     <stdin>:1480:3:
Step #0:       1480 │    {
Step #0:            ╵    ^
Step #0: 
Step #0: 
Step #0: ▲ [WARNING] Unexpected "{" [css-syntax-error]
Step #0: 
Step #0:     <stdin>:1584:3:
Step #0:       1584 │    {
Step #0:            ╵    ^
Step #0: 
Step #0: 
Step #0: ▲ [WARNING] Unexpected "{" [css-syntax-error]
Step #0: 
Step #0:     <stdin>:2633:3:
Step #0:       2633 │    {
Step #0:            ╵    ^
Step #0: 
Step #0: 
Step #0: ▲ [WARNING] Unexpected "{" [css-syntax-error]
Step #0: 
Step #0:     <stdin>:2659:3:
Step #0:       2659 │    {
Step #0:            ╵    ^
Step #0: 
Step #0: 
Step #0: ▲ [WARNING] Unexpected "{" [css-syntax-error]
Step #0: 
Step #0:     <stdin>:2685:3:
Step #0:       2685 │    {
Step #0:            ╵    ^
Step #0: 
Step #0: 
Step #0: [0mrendering chunks...
Step #0: computing gzip size...
Step #0: dist/index.html                     1.31 kB │ gzip:   0.71 kB
Step #0: dist/assets/index.blVIm0K2.css    116.85 kB │ gzip:  20.20 kB
Step #0: dist/assets/index.BEIKUoeO.js   1,505.09 kB │ gzip: 393.49 kB
Step #0: [91m
Step #0: (!) Some chunks are larger than 500 kB after minification. Consider:
Step #0: - Using dynamic import() to code-split the application
Step #0: - Use build.rollupOptions.output.manualChunks to improve chunking: https://rollupjs.org/configuration-options/#output-manualchunks
Step #0: - Adjust chunk size limit for this warning via build.chunkSizeWarningLimit.
Step #0: [0m✓ built in 15.66s
Step #0: Removing intermediate container f6f2e245aa35
Step #0:  ---> aaff056fba28
Step #0: Step 9/15 : FROM nginx:alpine
Step #0: alpine: Pulling from library/nginx
Step #0: 2d35ebdb57d9: Already exists
Step #0: 8f6a6833e95d: Pulling fs layer
Step #0: 194fa24e147d: Pulling fs layer
Step #0: 3eaba6cd10a3: Pulling fs layer
Step #0: df413d6ebdc8: Pulling fs layer
Step #0: d9a55dab5954: Pulling fs layer
Step #0: ff8a36d5502a: Pulling fs layer
Step #0: bdabb0d44271: Pulling fs layer
Step #0: bdabb0d44271: Waiting
Step #0: df413d6ebdc8: Download complete
Step #0: d9a55dab5954: Download complete
Step #0: ff8a36d5502a: Download complete
Step #0: 3eaba6cd10a3: Download complete
Step #0: 194fa24e147d: Verifying Checksum
Step #0: 194fa24e147d: Download complete
Step #0: 8f6a6833e95d: Verifying Checksum
Step #0: 8f6a6833e95d: Download complete
Step #0: 8f6a6833e95d: Pull complete
Step #0: 194fa24e147d: Pull complete
Step #0: bdabb0d44271: Verifying Checksum
Step #0: bdabb0d44271: Download complete
Step #0: 3eaba6cd10a3: Pull complete
Step #0: df413d6ebdc8: Pull complete
Step #0: d9a55dab5954: Pull complete
Step #0: ff8a36d5502a: Pull complete
Step #0: bdabb0d44271: Pull complete
Step #0: Digest: sha256:b3c656d55d7ad751196f21b7fd2e8d4da9cb430e32f646adcf92441b72f82b14
Step #0: Status: Downloaded newer image for nginx:alpine
Step #0:  ---> d4918ca78576
Step #0: Step 10/15 : RUN apk add --no-cache gettext
Step #0:  ---> Running in d8ffa7e5a13a
Step #0: fetch https://dl-cdn.alpinelinux.org/alpine/v3.22/main/x86_64/APKINDEX.tar.gz
Step #0: fetch https://dl-cdn.alpinelinux.org/alpine/v3.22/community/x86_64/APKINDEX.tar.gz
Step #0: (1/3) Installing libgomp (14.2.0-r6)
Step #0: (2/3) Installing gettext-libs (0.24.1-r0)
Step #0: (3/3) Installing gettext (0.24.1-r0)
Step #0: Executing busybox-1.37.0-r19.trigger
Step #0: OK: 53 MiB in 73 packages
Step #0: Removing intermediate container d8ffa7e5a13a
Step #0:  ---> dc7b82273b87
Step #0: Step 11/15 : RUN rm /etc/nginx/conf.d/default.conf
Step #0:  ---> Running in 76bace6d1654
Step #0: Removing intermediate container 76bace6d1654
Step #0:  ---> 532604dcbf7b
Step #0: Step 12/15 : COPY nginx.conf.template /etc/nginx/templates/default.conf.template
Step #0:  ---> ca60bcee7f59
Step #0: Step 13/15 : COPY --from=builder /app/dist /usr/share/nginx/html
Step #0:  ---> c42d07407f48
Step #0: Step 14/15 : EXPOSE 8080
Step #0:  ---> Running in 2710d571b50b
Step #0: Removing intermediate container 2710d571b50b
Step #0:  ---> ccba2a2a2967
Step #0: Step 15/15 : CMD envsubst '$$PORT' < /etc/nginx/templates/default.conf.template > /etc/nginx/conf.d/default.conf && nginx -g 'daemon off;'
Step #0:  ---> Running in d802731b1365
Step #0: Removing intermediate container d802731b1365
Step #0:  ---> 0008ceeb60ec
Step #0: Successfully built 0008ceeb60ec
Step #0: Successfully tagged gcr.io/suporte-7e68b/suporte-lojinha:latest
Finished Step #0
Starting Step #1
Step #1: Already have image (with digest): gcr.io/cloud-builders/docker
Step #1: The push refers to repository [gcr.io/suporte-7e68b/suporte-lojinha]
Step #1: 35d47fc04f83: Preparing
Step #1: 92b7855c24a1: Preparing
Step #1: 971fa948cbeb: Preparing
Step #1: 63ec6f522c78: Preparing
Step #1: 25906c27b84d: Preparing
Step #1: 99ea4bde418d: Preparing
Step #1: 3297b9628ff3: Preparing
Step #1: b74d92be8225: Preparing
Step #1: 2c79d5d895bb: Preparing
Step #1: 2660a7d4b906: Preparing
Step #1: 50b58ca2a3f5: Preparing
Step #1: 256f393e029f: Preparing
Step #1: 50b58ca2a3f5: Waiting
Step #1: 256f393e029f: Waiting
Step #1: 3297b9628ff3: Layer already exists
Step #1: 2660a7d4b906: Layer already exists
Step #1: 2c79d5d895bb: Layer already exists
Step #1: b74d92be8225: Layer already exists
Step #1: 99ea4bde418d: Layer already exists
Step #1: 25906c27b84d: Layer already exists
Step #1: 50b58ca2a3f5: Layer already exists
Step #1: 256f393e029f: Layer already exists
Step #1: 35d47fc04f83: Pushed
Step #1: 92b7855c24a1: Pushed
Step #1: 971fa948cbeb: Pushed
Step #1: 63ec6f522c78: Pushed
Step #1: latest: digest: sha256:73b6db86e31addde88d800faf3356c822960a24caa74bfa7618b011bf1defdce size: 2825
Finished Step #1
PUSH
Pushing gcr.io/suporte-7e68b/suporte-lojinha:latest
The push refers to repository [gcr.io/suporte-7e68b/suporte-lojinha]
35d47fc04f83: Preparing
92b7855c24a1: Preparing
971fa948cbeb: Preparing
63ec6f522c78: Preparing
25906c27b84d: Preparing
99ea4bde418d: Preparing
3297b9628ff3: Preparing
b74d92be8225: Preparing
2c79d5d895bb: Preparing
2660a7d4b906: Preparing
50b58ca2a3f5: Preparing
256f393e029f: Preparing
50b58ca2a3f5: Waiting
256f393e029f: Waiting
971fa948cbeb: Layer already exists
63ec6f522c78: Layer already exists
2c79d5d895bb: Layer already exists
b74d92be8225: Layer already exists
25906c27b84d: Layer already exists
3297b9628ff3: Layer already exists
35d47fc04f83: Layer already exists
2660a7d4b906: Layer already exists
99ea4bde418d: Layer already exists
92b7855c24a1: Layer already exists
50b58ca2a3f5: Layer already exists
256f393e029f: Layer already exists
latest: digest: sha256:73b6db86e31addde88d800faf3356c822960a24caa74bfa7618b011bf1defdce size: 2825
DONE
--------------------------------------------------------------------------------
ID                                    CREATE_TIME                DURATION  SOURCE                                                                                       IMAGES                                          STATUS
767e0cdf-8c84-4ceb-bb06-56772a308b90  2025-11-18T02:41:49+00:00  1M35S     gs://suporte-7e68b_cloudbuild/source/1763433659.710866-2204ee8883514e5cb37ccc3dcffb2951.tgz  gcr.io/suporte-7e68b/suporte-lojinha (+1 more)  SUCCESS
[0;32m✅ Build concluído com sucesso![0m
[0;32m🚀 Fazendo deploy...[0m
Deploying container to Cloud Run service [suporte-lojinha] in project [suporte-7e68b] region [southamerica-east1]
Deploying...
Setting IAM Policy................done
Creating Revision.................................................................................done
Routing traffic.....done
Done.
Service [suporte-lojinha] revision [suporte-lojinha-00033-tlx] has been deployed and is serving 100 percent of traffic.
Service URL: https://suporte-lojinha-409489811769.southamerica-east1.run.app
[0;32m✅ Deploy concluído com sucesso![0m
[1;33m⏭️  Pulando atualização do Git[0m
[0;32m🌐 Serviço disponível em: https://suporte-lojinha-4hv4ucvfra-rj.a.run.app[0m
[0;32m🎉 Deploy completo![0m
